BASELINE gpu_widget HEAD:gpu_widget.py blob=e8f237354600b633f5caf20958b06b1cf88c987f sha256=4e37c65703b285dc3f39039a6bb33ed85aceddf999c769e472e748eb52f1f52b
BASELINE assembly_viewer HEAD:assembly_viewer.py blob=6250a5ea35c1d01e09809d12075f69752a77ad36 sha256=f08f2e4b90e11f0e98fbf57dc437396f9fdd6929a8903c19dedac1b22218ffa5
BASELINE assembly_window HEAD:assembly_window.py blob=7380b6bfffb9e68a6c16bf73ab61d4a3445169ad sha256=6a05740cccb1976f24ff91d7baaa40aee848fa7c454f5c8fde20b15b64d2ad22
BASELINE wireframe_editor.window HEAD:wireframe_editor/window.py blob=8c96374150a514a4bf64ccc6c4b6da0c5ec42b82 sha256=8cb31161678b85d9b963e49e00c9d846b2ac88ab75b8454c027be75e8b8d4888
BASELINE collision_editor.editor HEAD:collision_editor/editor.py blob=d454267cf66331eb53c832d50fa377ce027e0906 sha256=ac7a04be59abd41edf7dda0abf1b1ec18ac34e4ff42f28b5d3e49d6b04b8b926
FF                                                                       [100%]
================================== FAILURES ===================================
_______ WireframeEditorUiTests.test_toolbar_ends_before_vertex_details ________
tests\test_wireframe_editor.py:73: in test_toolbar_ends_before_vertex_details
    self.assertEqual(
E   AssertionError: Lists differ: [<PyS[335 chars]86C0>, <PySide6.QtWidgets.QCheckBox(0x25f053f9[23 chars]380>] != [<PyS[335 chars]86C0>]
E   
E   First list contains 1 additional elements.
E   First extra element 5:
E   <PySide6.QtWidgets.QCheckBox(0x25f053f9290) at 0x0000025F36F78380>
E   
E   Diff is 647 characters long. Set self.maxDiff to None to see it.
_ WindowContractV5Tests.test_child_metadata_and_texture_owner_selection_are_preserved _
tests\test_window_contract_v5.py:972: in test_child_metadata_and_texture_owner_selection_are_preserved
    select_owner.assert_called_once_with(
..\..\..\..\AppData\Local\Python\pythoncore-3.14-64\Lib\unittest\mock.py:997: in assert_called_once_with
    raise AssertionError(msg)
E   AssertionError: Expected '_select_owner' to be called once. Called 0 times.
=========================== short test summary info ===========================
FAILED tests/test_wireframe_editor.py::WireframeEditorUiTests::test_toolbar_ends_before_vertex_details
FAILED tests/test_window_contract_v5.py::WindowContractV5Tests::test_child_metadata_and_texture_owner_selection_are_preserved
2 failed in 0.18s
